Constructor ManagedBuffer.init(_doNotCallMe:) is a new API without @available attribute
